  Determining projects to restore...
E:\Phuong\DoAn\Backend\Backend\Backend.csproj : warning NU1903: Package 'AutoMapper' 12.0.1 has a known high severity vulnerability, https://github.com/advisories/GHSA-rvv3-g6hj-g44x [E:\Phuong\DoAn\Backend\Backend.sln]
  All projects are up-to-date for restore.
E:\Phuong\DoAn\Backend\Backend\Backend.csproj : warning NU1903: Package 'AutoMapper' 12.0.1 has a known high severity vulnerability, https://github.com/advisories/GHSA-rvv3-g6hj-g44x
C:\Program Files\dotnet\sdk\9.0.312\Microsoft.Common.CurrentVersion.targets(5394,5): warning MSB3026: Could not copy "E:\Phuong\DoAn\Backend\Backend\obj\Debug\net8.0\apphost.exe" to "bin\Debug\net8.0\Backend.exe". Beginning retry 1 in 1000ms. The process cannot access the file 'E:\Phuong\DoAn\Backend\Backend\bin\Debug\net8.0\Backend.exe' because it is being used by another process. The file is locked by: "Backend (3780)" [E:\Phuong\DoAn\Backend\Backend\Backend.csproj]
C:\Program Files\dotnet\sdk\9.0.312\Microsoft.Common.CurrentVersion.targets(5394,5): warning MSB3026: Could not copy "E:\Phuong\DoAn\Backend\Backend\obj\Debug\net8.0\apphost.exe" to "bin\Debug\net8.0\Backend.exe". Beginning retry 2 in 1000ms. The process cannot access the file 'E:\Phuong\DoAn\Backend\Backend\bin\Debug\net8.0\Backend.exe' because it is being used by another process. The file is locked by: "Backend (3780)" [E:\Phuong\DoAn\Backend\Backend\Backend.csproj]
C:\Program Files\dotnet\sdk\9.0.312\Microsoft.Common.CurrentVersion.targets(5394,5): warning MSB3026: Could not copy "E:\Phuong\DoAn\Backend\Backend\obj\Debug\net8.0\apphost.exe" to "bin\Debug\net8.0\Backend.exe". Beginning retry 3 in 1000ms. The process cannot access the file 'E:\Phuong\DoAn\Backend\Backend\bin\Debug\net8.0\Backend.exe' because it is being used by another process. The file is locked by: "Backend (3780)" [E:\Phuong\DoAn\Backend\Backend\Backend.csproj]
C:\Program Files\dotnet\sdk\9.0.312\Microsoft.Common.CurrentVersion.targets(5394,5): warning MSB3026: Could not copy "E:\Phuong\DoAn\Backend\Backend\obj\Debug\net8.0\apphost.exe" to "bin\Debug\net8.0\Backend.exe". Beginning retry 4 in 1000ms. The process cannot access the file 'E:\Phuong\DoAn\Backend\Backend\bin\Debug\net8.0\Backend.exe' because it is being used by another process. The file is locked by: "Backend (3780)" [E:\Phuong\DoAn\Backend\Backend\Backend.csproj]
C:\Program Files\dotnet\sdk\9.0.312\Microsoft.Common.CurrentVersion.targets(5394,5): warning MSB3026: Could not copy "E:\Phuong\DoAn\Backend\Backend\obj\Debug\net8.0\apphost.exe" to "bin\Debug\net8.0\Backend.exe". Beginning retry 5 in 1000ms. The process cannot access the file 'E:\Phuong\DoAn\Backend\Backend\bin\Debug\net8.0\Backend.exe' because it is being used by another process. The file is locked by: "Backend (3780)" [E:\Phuong\DoAn\Backend\Backend\Backend.csproj]
C:\Program Files\dotnet\sdk\9.0.312\Microsoft.Common.CurrentVersion.targets(5394,5): warning MSB3026: Could not copy "E:\Phuong\DoAn\Backend\Backend\obj\Debug\net8.0\apphost.exe" to "bin\Debug\net8.0\Backend.exe". Beginning retry 6 in 1000ms. The process cannot access the file 'E:\Phuong\DoAn\Backend\Backend\bin\Debug\net8.0\Backend.exe' because it is being used by another process. The file is locked by: "Backend (3780)" [E:\Phuong\DoAn\Backend\Backend\Backend.csproj]
C:\Program Files\dotnet\sdk\9.0.312\Microsoft.Common.CurrentVersion.targets(5394,5): warning MSB3026: Could not copy "E:\Phuong\DoAn\Backend\Backend\obj\Debug\net8.0\apphost.exe" to "bin\Debug\net8.0\Backend.exe". Beginning retry 7 in 1000ms. The process cannot access the file 'E:\Phuong\DoAn\Backend\Backend\bin\Debug\net8.0\Backend.exe' because it is being used by another process. The file is locked by: "Backend (3780)" [E:\Phuong\DoAn\Backend\Backend\Backend.csproj]
C:\Program Files\dotnet\sdk\9.0.312\Microsoft.Common.CurrentVersion.targets(5394,5): warning MSB3026: Could not copy "E:\Phuong\DoAn\Backend\Backend\obj\Debug\net8.0\apphost.exe" to "bin\Debug\net8.0\Backend.exe". Beginning retry 8 in 1000ms. The process cannot access the file 'E:\Phuong\DoAn\Backend\Backend\bin\Debug\net8.0\Backend.exe' because it is being used by another process. The file is locked by: "Backend (3780)" [E:\Phuong\DoAn\Backend\Backend\Backend.csproj]
C:\Program Files\dotnet\sdk\9.0.312\Microsoft.Common.CurrentVersion.targets(5394,5): warning MSB3026: Could not copy "E:\Phuong\DoAn\Backend\Backend\obj\Debug\net8.0\apphost.exe" to "bin\Debug\net8.0\Backend.exe". Beginning retry 9 in 1000ms. The process cannot access the file 'E:\Phuong\DoAn\Backend\Backend\bin\Debug\net8.0\Backend.exe' because it is being used by another process. The file is locked by: "Backend (3780)" [E:\Phuong\DoAn\Backend\Backend\Backend.csproj]
C:\Program Files\dotnet\sdk\9.0.312\Microsoft.Common.CurrentVersion.targets(5394,5): warning MSB3026: Could not copy "E:\Phuong\DoAn\Backend\Backend\obj\Debug\net8.0\apphost.exe" to "bin\Debug\net8.0\Backend.exe". Beginning retry 10 in 1000ms. The process cannot access the file 'E:\Phuong\DoAn\Backend\Backend\bin\Debug\net8.0\Backend.exe' because it is being used by another process. The file is locked by: "Backend (3780)" [E:\Phuong\DoAn\Backend\Backend\Backend.csproj]
C:\Program Files\dotnet\sdk\9.0.312\Microsoft.Common.CurrentVersion.targets(5394,5): error MSB3027: Could not copy "E:\Phuong\DoAn\Backend\Backend\obj\Debug\net8.0\apphost.exe" to "bin\Debug\net8.0\Backend.exe". Exceeded retry count of 10. Failed. The file is locked by: "Backend (3780)" [E:\Phuong\DoAn\Backend\Backend\Backend.csproj]
C:\Program Files\dotnet\sdk\9.0.312\Microsoft.Common.CurrentVersion.targets(5394,5): error MSB3021: Unable to copy file "E:\Phuong\DoAn\Backend\Backend\obj\Debug\net8.0\apphost.exe" to "bin\Debug\net8.0\Backend.exe". The process cannot access the file 'E:\Phuong\DoAn\Backend\Backend\bin\Debug\net8.0\Backend.exe' because it is being used by another process. [E:\Phuong\DoAn\Backend\Backend\Backend.csproj]

Build FAILED.

E:\Phuong\DoAn\Backend\Backend\Backend.csproj : warning NU1903: Package 'AutoMapper' 12.0.1 has a known high severity vulnerability, https://github.com/advisories/GHSA-rvv3-g6hj-g44x [E:\Phuong\DoAn\Backend\Backend.sln]
E:\Phuong\DoAn\Backend\Backend\Backend.csproj : warning NU1903: Package 'AutoMapper' 12.0.1 has a known high severity vulnerability, https://github.com/advisories/GHSA-rvv3-g6hj-g44x
C:\Program Files\dotnet\sdk\9.0.312\Microsoft.Common.CurrentVersion.targets(5394,5): warning MSB3026: Could not copy "E:\Phuong\DoAn\Backend\Backend\obj\Debug\net8.0\apphost.exe" to "bin\Debug\net8.0\Backend.exe". Beginning retry 1 in 1000ms. The process cannot access the file 'E:\Phuong\DoAn\Backend\Backend\bin\Debug\net8.0\Backend.exe' because it is being used by another process. The file is locked by: "Backend (3780)" [E:\Phuong\DoAn\Backend\Backend\Backend.csproj]
C:\Program Files\dotnet\sdk\9.0.312\Microsoft.Common.CurrentVersion.targets(5394,5): warning MSB3026: Could not copy "E:\Phuong\DoAn\Backend\Backend\obj\Debug\net8.0\apphost.exe" to "bin\Debug\net8.0\Backend.exe". Beginning retry 2 in 1000ms. The process cannot access the file 'E:\Phuong\DoAn\Backend\Backend\bin\Debug\net8.0\Backend.exe' because it is being used by another process. The file is locked by: "Backend (3780)" [E:\Phuong\DoAn\Backend\Backend\Backend.csproj]
C:\Program Files\dotnet\sdk\9.0.312\Microsoft.Common.CurrentVersion.targets(5394,5): warning MSB3026: Could not copy "E:\Phuong\DoAn\Backend\Backend\obj\Debug\net8.0\apphost.exe" to "bin\Debug\net8.0\Backend.exe". Beginning retry 3 in 1000ms. The process cannot access the file 'E:\Phuong\DoAn\Backend\Backend\bin\Debug\net8.0\Backend.exe' because it is being used by another process. The file is locked by: "Backend (3780)" [E:\Phuong\DoAn\Backend\Backend\Backend.csproj]
C:\Program Files\dotnet\sdk\9.0.312\Microsoft.Common.CurrentVersion.targets(5394,5): warning MSB3026: Could not copy "E:\Phuong\DoAn\Backend\Backend\obj\Debug\net8.0\apphost.exe" to "bin\Debug\net8.0\Backend.exe". Beginning retry 4 in 1000ms. The process cannot access the file 'E:\Phuong\DoAn\Backend\Backend\bin\Debug\net8.0\Backend.exe' because it is being used by another process. The file is locked by: "Backend (3780)" [E:\Phuong\DoAn\Backend\Backend\Backend.csproj]
C:\Program Files\dotnet\sdk\9.0.312\Microsoft.Common.CurrentVersion.targets(5394,5): warning MSB3026: Could not copy "E:\Phuong\DoAn\Backend\Backend\obj\Debug\net8.0\apphost.exe" to "bin\Debug\net8.0\Backend.exe". Beginning retry 5 in 1000ms. The process cannot access the file 'E:\Phuong\DoAn\Backend\Backend\bin\Debug\net8.0\Backend.exe' because it is being used by another process. The file is locked by: "Backend (3780)" [E:\Phuong\DoAn\Backend\Backend\Backend.csproj]
C:\Program Files\dotnet\sdk\9.0.312\Microsoft.Common.CurrentVersion.targets(5394,5): warning MSB3026: Could not copy "E:\Phuong\DoAn\Backend\Backend\obj\Debug\net8.0\apphost.exe" to "bin\Debug\net8.0\Backend.exe". Beginning retry 6 in 1000ms. The process cannot access the file 'E:\Phuong\DoAn\Backend\Backend\bin\Debug\net8.0\Backend.exe' because it is being used by another process. The file is locked by: "Backend (3780)" [E:\Phuong\DoAn\Backend\Backend\Backend.csproj]
C:\Program Files\dotnet\sdk\9.0.312\Microsoft.Common.CurrentVersion.targets(5394,5): warning MSB3026: Could not copy "E:\Phuong\DoAn\Backend\Backend\obj\Debug\net8.0\apphost.exe" to "bin\Debug\net8.0\Backend.exe". Beginning retry 7 in 1000ms. The process cannot access the file 'E:\Phuong\DoAn\Backend\Backend\bin\Debug\net8.0\Backend.exe' because it is being used by another process. The file is locked by: "Backend (3780)" [E:\Phuong\DoAn\Backend\Backend\Backend.csproj]
C:\Program Files\dotnet\sdk\9.0.312\Microsoft.Common.CurrentVersion.targets(5394,5): warning MSB3026: Could not copy "E:\Phuong\DoAn\Backend\Backend\obj\Debug\net8.0\apphost.exe" to "bin\Debug\net8.0\Backend.exe". Beginning retry 8 in 1000ms. The process cannot access the file 'E:\Phuong\DoAn\Backend\Backend\bin\Debug\net8.0\Backend.exe' because it is being used by another process. The file is locked by: "Backend (3780)" [E:\Phuong\DoAn\Backend\Backend\Backend.csproj]
C:\Program Files\dotnet\sdk\9.0.312\Microsoft.Common.CurrentVersion.targets(5394,5): warning MSB3026: Could not copy "E:\Phuong\DoAn\Backend\Backend\obj\Debug\net8.0\apphost.exe" to "bin\Debug\net8.0\Backend.exe". Beginning retry 9 in 1000ms. The process cannot access the file 'E:\Phuong\DoAn\Backend\Backend\bin\Debug\net8.0\Backend.exe' because it is being used by another process. The file is locked by: "Backend (3780)" [E:\Phuong\DoAn\Backend\Backend\Backend.csproj]
C:\Program Files\dotnet\sdk\9.0.312\Microsoft.Common.CurrentVersion.targets(5394,5): warning MSB3026: Could not copy "E:\Phuong\DoAn\Backend\Backend\obj\Debug\net8.0\apphost.exe" to "bin\Debug\net8.0\Backend.exe". Beginning retry 10 in 1000ms. The process cannot access the file 'E:\Phuong\DoAn\Backend\Backend\bin\Debug\net8.0\Backend.exe' because it is being used by another process. The file is locked by: "Backend (3780)" [E:\Phuong\DoAn\Backend\Backend\Backend.csproj]
C:\Program Files\dotnet\sdk\9.0.312\Microsoft.Common.CurrentVersion.targets(5394,5): error MSB3027: Could not copy "E:\Phuong\DoAn\Backend\Backend\obj\Debug\net8.0\apphost.exe" to "bin\Debug\net8.0\Backend.exe". Exceeded retry count of 10. Failed. The file is locked by: "Backend (3780)" [E:\Phuong\DoAn\Backend\Backend\Backend.csproj]
C:\Program Files\dotnet\sdk\9.0.312\Microsoft.Common.CurrentVersion.targets(5394,5): error MSB3021: Unable to copy file "E:\Phuong\DoAn\Backend\Backend\obj\Debug\net8.0\apphost.exe" to "bin\Debug\net8.0\Backend.exe". The process cannot access the file 'E:\Phuong\DoAn\Backend\Backend\bin\Debug\net8.0\Backend.exe' because it is being used by another process. [E:\Phuong\DoAn\Backend\Backend\Backend.csproj]
    12 Warning(s)
    2 Error(s)

Time Elapsed 00:00:13.27

Workload updates are available. Run `dotnet workload list` for more information.
